23:Method App\TestFiles\ReturnTypes\Helpers\ViewExtension::testFail() should return Illuminate\Http\JsonResponse but returns Illuminate\View\View.
